2026-05-07 00:31:09 [HikariPool-6:housekeeper] WARN  com.zaxxer.hikari.pool.PoolBase - HikariPool-6 - Failed to validate connection com.mysql.cj.jdbc.ConnectionImpl@23ba82f3 (No operations allowed after connection closed.). Possibly consider using a shorter maxLifetime value.
2026-05-07 00:31:09 [HikariPool-6:housekeeper] WARN  com.zaxxer.hikari.pool.HikariPool - HikariPool-6 - Thread starvation or clock leap detected (housekeeper delta=2h1m25s969ms21µs).
2026-05-07 00:31:09 [HikariPool-6:housekeeper] WARN  com.zaxxer.hikari.pool.PoolBase - HikariPool-6 - Failed to validate connection com.mysql.cj.jdbc.ConnectionImpl@4c415257 (No operations allowed after connection closed.). Possibly consider using a shorter maxLifetime value.
2026-05-07 00:31:09 [HikariPool-6:housekeeper] WARN  com.zaxxer.hikari.pool.PoolBase - HikariPool-6 - Failed to validate connection com.mysql.cj.jdbc.ConnectionImpl@6f580a2d (No operations allowed after connection closed.). Possibly consider using a shorter maxLifetime value.
2026-05-07 00:31:09 [HikariPool-6:housekeeper] WARN  com.zaxxer.hikari.pool.PoolBase - HikariPool-6 - Failed to validate connection com.mysql.cj.jdbc.ConnectionImpl@45c67dac (No operations allowed after connection closed.). Possibly consider using a shorter maxLifetime value.
2026-05-07 00:31:09 [HikariPool-6:housekeeper] WARN  com.zaxxer.hikari.pool.PoolBase - HikariPool-6 - Failed to validate connection com.mysql.cj.jdbc.ConnectionImpl@69f01643 (No operations allowed after connection closed.). Possibly consider using a shorter maxLifetime value.
2026-05-07 00:31:09 [HikariPool-6:housekeeper] WARN  com.zaxxer.hikari.pool.PoolBase - HikariPool-6 - Failed to validate connection com.mysql.cj.jdbc.ConnectionImpl@689d4887 (No operations allowed after connection closed.). Possibly consider using a shorter maxLifetime value.
2026-05-07 00:31:09 [HikariPool-6:housekeeper] WARN  com.zaxxer.hikari.pool.PoolBase - HikariPool-6 - Failed to validate connection com.mysql.cj.jdbc.ConnectionImpl@2fe532c0 (No operations allowed after connection closed.). Possibly consider using a shorter maxLifetime value.
2026-05-07 00:31:09 [HikariPool-6:housekeeper] WARN  com.zaxxer.hikari.pool.PoolBase - HikariPool-6 - Failed to validate connection com.mysql.cj.jdbc.ConnectionImpl@435c73 (No operations allowed after connection closed.). Possibly consider using a shorter maxLifetime value.
2026-05-07 00:31:09 [HikariPool-6:housekeeper] WARN  com.zaxxer.hikari.pool.PoolBase - HikariPool-6 - Failed to validate connection com.mysql.cj.jdbc.ConnectionImpl@761e7aca (No operations allowed after connection closed.). Possibly consider using a shorter maxLifetime value.
2026-05-07 00:31:09 [HikariPool-6:housekeeper] WARN  com.zaxxer.hikari.pool.PoolBase - HikariPool-6 - Failed to validate connection com.mysql.cj.jdbc.ConnectionImpl@1f352844 (No operations allowed after connection closed.). Possibly consider using a shorter maxLifetime value.
2026-05-07 09:37:15 [MessageBroker-9] INFO  o.s.w.s.c.WebSocketMessageBrokerStats - WebSocketSession[0 current WS(0)-HttpStream(0)-HttpPoll(0), 0 total, 0 closed abnormally (0 connect failure, 0 send limit, 0 transport error)], stompSubProtocol[processed CONNECT(0)-CONNECTED(0)-DISCONNECT(0)], stompBrokerRelay[null], inboundChannel[pool size = 0, active threads = 0, queued tasks = 0, completed tasks = 0], outboundChannel[pool size = 0, active threads = 0, queued tasks = 0, completed tasks = 0], sockJsScheduler[pool size = 16, active threads = 7, queued tasks = 4, completed tasks = 16]
2026-05-07 09:37:15 [MessageBroker-12] INFO  a.a.w.m.f.s.RecordatorioPagoScheduler - ⏰ ========================================
2026-05-07 09:37:15 [MessageBroker-12] INFO  a.a.w.m.f.s.RecordatorioPagoScheduler - ⏰ INICIANDO PROCESO DE RECORDATORIOS DE PAGO
2026-05-07 09:37:15 [MessageBroker-11] WARN  com.zaxxer.hikari.pool.PoolBase - HikariPool-6 - Failed to validate connection com.mysql.cj.jdbc.ConnectionImpl@3ed576a5 (No operations allowed after connection closed.). Possibly consider using a shorter maxLifetime value.
2026-05-07 09:37:15 [MessageBroker-10] WARN  com.zaxxer.hikari.pool.PoolBase - HikariPool-6 - Failed to validate connection com.mysql.cj.jdbc.ConnectionImpl@569f7dcc (No operations allowed after connection closed.). Possibly consider using a shorter maxLifetime value.
2026-05-07 09:37:15 [MessageBroker-4] WARN  com.zaxxer.hikari.pool.PoolBase - HikariPool-6 - Failed to validate connection com.mysql.cj.jdbc.ConnectionImpl@cb8f20b (No operations allowed after connection closed.). Possibly consider using a shorter maxLifetime value.
2026-05-07 09:37:15 [MessageBroker-12] INFO  a.a.w.m.f.s.RecordatorioPagoScheduler - ⏰ ========================================
2026-05-07 09:37:15 [MessageBroker-10] WARN  com.zaxxer.hikari.pool.PoolBase - HikariPool-6 - Failed to validate connection com.mysql.cj.jdbc.ConnectionImpl@5858996f (No operations allowed after connection closed.). Possibly consider using a shorter maxLifetime value.
2026-05-07 09:37:15 [MessageBroker-4] WARN  com.zaxxer.hikari.pool.PoolBase - HikariPool-6 - Failed to validate connection com.mysql.cj.jdbc.ConnectionImpl@27f1dec (No operations allowed after connection closed.). Possibly consider using a shorter maxLifetime value.
2026-05-07 09:37:15 [MessageBroker-11] WARN  com.zaxxer.hikari.pool.PoolBase - HikariPool-6 - Failed to validate connection com.mysql.cj.jdbc.ConnectionImpl@342d1dd5 (No operations allowed after connection closed.). Possibly consider using a shorter maxLifetime value.
2026-05-07 09:37:15 [MessageBroker-4] WARN  com.zaxxer.hikari.pool.PoolBase - HikariPool-6 - Failed to validate connection com.mysql.cj.jdbc.ConnectionImpl@640997b (No operations allowed after connection closed.). Possibly consider using a shorter maxLifetime value.
2026-05-07 09:37:15 [MessageBroker-10] WARN  com.zaxxer.hikari.pool.PoolBase - HikariPool-6 - Failed to validate connection com.mysql.cj.jdbc.ConnectionImpl@5c6716bc (No operations allowed after connection closed.). Possibly consider using a shorter maxLifetime value.
2026-05-07 09:37:15 [MessageBroker-11] WARN  com.zaxxer.hikari.pool.PoolBase - HikariPool-6 - Failed to validate connection com.mysql.cj.jdbc.ConnectionImpl@712f9534 (No operations allowed after connection closed.). Possibly consider using a shorter maxLifetime value.
2026-05-07 09:37:15 [MessageBroker-4] WARN  com.zaxxer.hikari.pool.PoolBase - HikariPool-6 - Failed to validate connection com.mysql.cj.jdbc.ConnectionImpl@434217d7 (No operations allowed after connection closed.). Possibly consider using a shorter maxLifetime value.
2026-05-07 09:37:19 [MessageBroker-10] INFO  a.a.w.m.f.e.s.ComprobanteReintentosJob - 🔄 Iniciando job de reintentos de comprobantes electrónicos
2026-05-07 09:37:20 [MessageBroker-10] INFO  a.a.w.m.f.e.s.ComprobanteReintentosJob - ✅ No hay comprobantes pendientes de reintento
2026-05-07 09:37:20 [MessageBroker-11] INFO  a.a.w.m.f.e.s.ComprobanteReintentosJob - 🧹 Iniciando limpieza de comprobantes antiguos
2026-05-07 09:37:20 [MessageBroker-11] INFO  a.a.w.m.f.e.s.ComprobanteReintentosJob - ✅ No hay comprobantes antiguos para limpiar
2026-05-07 09:37:20 [MessageBroker-4] INFO  a.a.w.m.f.e.s.ComprobanteReintentosJob - 🔍 Iniciando consulta de estados pendientes
2026-05-07 09:37:20 [MessageBroker-4] INFO  a.a.w.m.f.e.s.ComprobanteReintentosJob - ✅ No hay estados pendientes de consultar
2026-05-07 09:37:20 [MessageBroker-12] INFO  a.a.w.m.f.s.RecordatorioPagoScheduler - ✅ No hay facturas vencidas ni próximas a vencer. Proceso finalizado.
2026-05-07 09:37:32 [HikariPool-6:housekeeper] WARN  com.zaxxer.hikari.pool.HikariPool - HikariPool-6 - Thread starvation or clock leap detected (housekeeper delta=9h6m28s414ms870µs700ns).
2026-05-07 09:43:27 [File Watcher] INFO  o.s.b.d.a.LocalDevToolsAutoConfiguration$RestartingClassPathChangeChangedEventListener - Restarting due to 498 class path changes (0 additions, 498 deletions, 0 modifications)
2026-05-07 09:43:27 [Thread-23] INFO  o.s.b.w.e.tomcat.GracefulShutdown - Commencing graceful shutdown. Waiting for active requests to complete
2026-05-07 09:43:27 [tomcat-shutdown] INFO  o.s.b.w.e.tomcat.GracefulShutdown - Graceful shutdown complete
2026-05-07 09:43:27 [Thread-23] INFO  o.s.m.s.b.SimpleBrokerMessageHandler - Stopping...
2026-05-07 09:43:27 [Thread-23] INFO  o.s.m.s.b.SimpleBrokerMessageHandler - BrokerAvailabilityEvent[available=false, SimpleBrokerMessageHandler [org.springframework.messaging.simp.broker.DefaultSubscriptionRegistry@2800b692]]
2026-05-07 09:43:27 [Thread-23] INFO  o.s.m.s.b.SimpleBrokerMessageHandler - Stopped.
2026-05-07 09:43:27 [Thread-23] INFO  o.s.o.j.LocalContainerEntityManagerFactoryBean - Closing JPA EntityManagerFactory for persistence unit 'default'
2026-05-07 09:43:27 [Thread-23] INFO  com.zaxxer.hikari.HikariDataSource - HikariPool-6 - Shutdown initiated...
2026-05-07 09:43:27 [Thread-23] INFO  com.zaxxer.hikari.HikariDataSource - HikariPool-6 - Shutdown completed.
2026-05-07 09:43:37 [restartedMain] INFO  a.a.w.WhatsOrdersManagerApplication - Starting WhatsOrdersManagerApplication using Java 21.0.1 with PID 3476 (D:\programacion\java\spring-boot\whats_orders_manager\target\classes started by M4N0 in D:\programacion\java\spring-boot\whats_orders_manager)
2026-05-07 09:43:37 [restartedMain] INFO  a.a.w.WhatsOrdersManagerApplication - No active profile set, falling back to 1 default profile: "default"
2026-05-07 09:43:37 [restartedMain] INFO  o.s.b.f.s.DefaultListableBeanFactory - Overriding bean definition for bean 'restTemplate' with a different definition: replacing [Root bean: class=null; scope=; abstract=false; lazyInit=null; autowireMode=3; dependencyCheck=0; autowireCandidate=true; primary=false; fallback=false; factoryBeanName=httpClientConfig; factoryMethodName=restTemplate; initMethodNames=null; destroyMethodNames=[(inferred)]; defined in class path resource [api/astro/whats_orders_manager/config/HttpClientConfig.class]] with [Root bean: class=null; scope=; abstract=false; lazyInit=null; autowireMode=3; dependencyCheck=0; autowireCandidate=true; primary=false; fallback=false; factoryBeanName=whatsAppRestConfig; factoryMethodName=restTemplate; initMethodNames=null; destroyMethodNames=[(inferred)]; defined in class path resource [api/astro/whats_orders_manager/config/WhatsAppRestConfig.class]]
2026-05-07 09:43:37 [restartedMain] INFO  o.s.d.r.c.RepositoryConfigurationDelegate - Bootstrapping Spring Data JPA repositories in DEFAULT mode.
2026-05-07 09:43:37 [restartedMain] INFO  o.s.d.r.c.RepositoryConfigurationDelegate - Finished Spring Data repository scanning in 218 ms. Found 32 JPA repository interfaces.
2026-05-07 09:43:38 [restartedMain] INFO  o.s.b.w.e.tomcat.TomcatWebServer - Tomcat initialized with port 8080 (http)
2026-05-07 09:43:38 [restartedMain] INFO  o.a.catalina.core.StandardService - Starting service [Tomcat]
2026-05-07 09:43:38 [restartedMain] INFO  o.a.catalina.core.StandardEngine - Starting Servlet engine: [Apache Tomcat/10.1.41]
2026-05-07 09:43:38 [restartedMain] INFO  o.a.c.c.C.[Tomcat-1].[localhost].[/] - Initializing Spring embedded WebApplicationContext
2026-05-07 09:43:38 [restartedMain] INFO  o.s.b.w.s.c.ServletWebServerApplicationContext - Root WebApplicationContext: initialization completed in 1085 ms
2026-05-07 09:43:38 [restartedMain] INFO  o.h.jpa.internal.util.LogHelper - HHH000204: Processing PersistenceUnitInfo [name: default]
2026-05-07 09:43:38 [restartedMain] INFO  o.h.c.i.RegionFactoryInitiator - HHH000026: Second-level cache disabled
2026-05-07 09:43:38 [restartedMain] INFO  o.s.o.j.p.SpringPersistenceUnitInfo - No LoadTimeWeaver setup: ignoring JPA class transformer
2026-05-07 09:43:38 [restartedMain] INFO  com.zaxxer.hikari.HikariDataSource - HikariPool-7 - Starting...
2026-05-07 09:43:38 [restartedMain] INFO  com.zaxxer.hikari.pool.HikariPool - HikariPool-7 - Added connection com.mysql.cj.jdbc.ConnectionImpl@5d3cb0a6
2026-05-07 09:43:38 [restartedMain] INFO  com.zaxxer.hikari.HikariDataSource - HikariPool-7 - Start completed.
2026-05-07 09:43:38 [restartedMain] WARN  org.hibernate.orm.deprecation - HHH90000025: MySQL8Dialect does not need to be specified explicitly using 'hibernate.dialect' (remove the property setting and it will be selected by default)
2026-05-07 09:43:38 [restartedMain] WARN  org.hibernate.orm.deprecation - HHH90000026: MySQL8Dialect has been deprecated; use org.hibernate.dialect.MySQLDialect instead
2026-05-07 09:43:38 [restartedMain] INFO  o.hibernate.orm.connections.pooling - HHH10001005: Database info:
	Database JDBC URL [Connecting through datasource 'HikariDataSource (HikariPool-7)']
	Database driver: undefined/unknown
	Database version: 8.0
	Autocommit mode: undefined/unknown
	Isolation level: undefined/unknown
	Minimum pool size: undefined/unknown
	Maximum pool size: undefined/unknown
2026-05-07 09:43:39 [restartedMain] INFO  o.h.e.t.j.p.i.JtaPlatformInitiator - HHH000489: No JTA platform available (set 'hibernate.transaction.jta.platform' to enable JTA platform integration)
2026-05-07 09:43:45 [restartedMain] INFO  o.s.o.j.LocalContainerEntityManagerFactoryBean - Initialized JPA EntityManagerFactory for persistence unit 'default'
2026-05-07 09:43:48 [restartedMain] WARN  o.s.b.a.o.j.JpaBaseConfiguration$JpaWebConfiguration - spring.jpa.open-in-view is enabled by default. Therefore, database queries may be performed during view rendering. Explicitly configure spring.jpa.open-in-view to disable this warning
2026-05-07 09:43:48 [restartedMain] INFO  o.s.s.c.a.a.c.InitializeUserDetailsBeanManagerConfigurer$InitializeUserDetailsManagerConfigurer - Global AuthenticationManager configured with UserDetailsService bean with name userDetailsServiceImpl
2026-05-07 09:43:49 [restartedMain] INFO  o.s.b.d.a.OptionalLiveReloadServer - LiveReload server is running on port 35729
2026-05-07 09:43:49 [restartedMain] INFO  o.s.m.s.b.SimpleBrokerMessageHandler - Starting...
2026-05-07 09:43:49 [restartedMain] INFO  o.s.m.s.b.SimpleBrokerMessageHandler - BrokerAvailabilityEvent[available=true, SimpleBrokerMessageHandler [org.springframework.messaging.simp.broker.DefaultSubscriptionRegistry@5acf6bd2]]
2026-05-07 09:43:49 [restartedMain] INFO  o.s.m.s.b.SimpleBrokerMessageHandler - Started.
2026-05-07 09:43:49 [restartedMain] INFO  o.s.b.w.e.tomcat.TomcatWebServer - Tomcat started on port 8080 (http) with context path '/'
2026-05-07 09:43:49 [restartedMain] INFO  a.a.w.WhatsOrdersManagerApplication - Started WhatsOrdersManagerApplication in 12.312 seconds (process running for 42862.078)
2026-05-07 09:43:49 [restartedMain] INFO  o.s.b.d.a.ConditionEvaluationDeltaLoggingListener - Condition evaluation unchanged
2026-05-07 09:44:03 [http-nio-8080-exec-1] INFO  o.a.c.c.C.[Tomcat-1].[localhost].[/] - Initializing Spring DispatcherServlet 'dispatcherServlet'
2026-05-07 09:44:03 [http-nio-8080-exec-1] INFO  o.s.web.servlet.DispatcherServlet - Initializing Servlet 'dispatcherServlet'
2026-05-07 09:44:03 [http-nio-8080-exec-1] INFO  o.s.web.servlet.DispatcherServlet - Completed initialization in 2 ms
2026-05-07 09:44:49 [MessageBroker-4] INFO  o.s.w.s.c.WebSocketMessageBrokerStats - WebSocketSession[0 current WS(0)-HttpStream(0)-HttpPoll(0), 0 total, 0 closed abnormally (0 connect failure, 0 send limit, 0 transport error)], stompSubProtocol[processed CONNECT(0)-CONNECTED(0)-DISCONNECT(0)], stompBrokerRelay[null], inboundChannel[pool size = 0, active threads = 0, queued tasks = 0, completed tasks = 0], outboundChannel[pool size = 0, active threads = 0, queued tasks = 0, completed tasks = 0], sockJsScheduler[pool size = 16, active threads = 1, queued tasks = 10, completed tasks = 5]
2026-05-07 09:45:00 [MessageBroker-2] INFO  a.a.w.m.f.e.s.ComprobanteReintentosJob - 🔄 Iniciando job de reintentos de comprobantes electrónicos
2026-05-07 09:45:00 [MessageBroker-2] INFO  a.a.w.m.f.e.s.ComprobanteReintentosJob - ✅ No hay comprobantes pendientes de reintento
2026-05-07 10:00:00 [MessageBroker-2] INFO  a.a.w.m.f.e.s.ComprobanteReintentosJob - 🔍 Iniciando consulta de estados pendientes
2026-05-07 10:00:00 [MessageBroker-10] INFO  a.a.w.m.f.e.s.ComprobanteReintentosJob - 🔄 Iniciando job de reintentos de comprobantes electrónicos
2026-05-07 10:00:00 [MessageBroker-10] INFO  a.a.w.m.f.e.s.ComprobanteReintentosJob - ✅ No hay comprobantes pendientes de reintento
2026-05-07 10:00:00 [MessageBroker-2] INFO  a.a.w.m.f.e.s.ComprobanteReintentosJob - ✅ No hay estados pendientes de consultar
2026-05-07 10:14:49 [MessageBroker-5] INFO  o.s.w.s.c.WebSocketMessageBrokerStats - WebSocketSession[0 current WS(0)-HttpStream(0)-HttpPoll(0), 0 total, 0 closed abnormally (0 connect failure, 0 send limit, 0 transport error)], stompSubProtocol[processed CONNECT(0)-CONNECTED(0)-DISCONNECT(0)], stompBrokerRelay[null], inboundChannel[pool size = 0, active threads = 0, queued tasks = 0, completed tasks = 0], outboundChannel[pool size = 0, active threads = 0, queued tasks = 0, completed tasks = 0], sockJsScheduler[pool size = 16, active threads = 1, queued tasks = 10, completed tasks = 36]
2026-05-07 10:15:00 [MessageBroker-9] INFO  a.a.w.m.f.e.s.ComprobanteReintentosJob - 🔄 Iniciando job de reintentos de comprobantes electrónicos
2026-05-07 10:15:00 [MessageBroker-9] INFO  a.a.w.m.f.e.s.ComprobanteReintentosJob - ✅ No hay comprobantes pendientes de reintento
2026-05-07 10:30:00 [MessageBroker-9] INFO  a.a.w.m.f.e.s.ComprobanteReintentosJob - 🔄 Iniciando job de reintentos de comprobantes electrónicos
2026-05-07 10:30:00 [MessageBroker-9] INFO  a.a.w.m.f.e.s.ComprobanteReintentosJob - ✅ No hay comprobantes pendientes de reintento
2026-05-07 10:44:49 [MessageBroker-9] INFO  o.s.w.s.c.WebSocketMessageBrokerStats - WebSocketSession[0 current WS(0)-HttpStream(0)-HttpPoll(0), 0 total, 0 closed abnormally (0 connect failure, 0 send limit, 0 transport error)], stompSubProtocol[processed CONNECT(0)-CONNECTED(0)-DISCONNECT(0)], stompBrokerRelay[null], inboundChannel[pool size = 0, active threads = 0, queued tasks = 0, completed tasks = 0], outboundChannel[pool size = 0, active threads = 0, queued tasks = 0, completed tasks = 0], sockJsScheduler[pool size = 16, active threads = 1, queued tasks = 10, completed tasks = 66]
2026-05-07 10:45:00 [MessageBroker-3] INFO  a.a.w.m.f.e.s.ComprobanteReintentosJob - 🔄 Iniciando job de reintentos de comprobantes electrónicos
2026-05-07 10:45:00 [MessageBroker-3] INFO  a.a.w.m.f.e.s.ComprobanteReintentosJob - ✅ No hay comprobantes pendientes de reintento
2026-05-07 10:55:28 [http-nio-8080-exec-4] INFO  a.a.w.m.s.s.i.UserDetailsServiceImpl - Último acceso actualizado para usuario: ema (ID: 2) - Timestamp: 2026-05-07 10:55:28.201
2026-05-07 10:55:28 [http-nio-8080-exec-10] INFO  a.a.w.m.r.c.DashboardController - Accediendo al dashboard
2026-05-07 10:55:28 [http-nio-8080-exec-10] INFO  a.a.w.m.r.c.DashboardController - Dashboard cargado exitosamente para usuario: ema
2026-05-07 10:55:33 [http-nio-8080-exec-5] INFO  a.a.w.m.p.c.ProductoController - Listando productos - Página: 0, Tamaño: 10, Ordenar por: idProducto asc
2026-05-07 10:55:33 [http-nio-8080-exec-5] INFO  a.a.w.m.p.c.ProductoController - Productos cargados: 10 de 170 total
